// Jest Snapshot v1, https://goo.gl/fbAQLP

exports[`renders correctly 1`] = `
Array [
  <header
    className="MuiPaper-root-14 MuiPaper-elevation4-20 MuiAppBar-root-5 MuiAppBar-positionFixed-6 MuiAppBar-colorDefault-11 mui-fixed"
  >
    <div
      className="MuiToolbar-root-41 MuiToolbar-regular-43 MuiToolbar-gutters-42"
    >
      <a
        className="MuiButtonBase-root-51 MuiIconButton-root-45 AppPage-homeButton-2"
        href="/"
        onBlur={[Function]}
        onClick={[Function]}
        onFocus={[Function]}
        onKeyDown={[Function]}
        onKeyUp={[Function]}
        onMouseDown={[Function]}
        onMouseLeave={[Function]}
        onMouseUp={[Function]}
        onTouchEnd={[Function]}
        onTouchMove={[Function]}
        onTouchStart={[Function]}
        role="button"
        tabIndex="0"
      >
        <span
          className="MuiIconButton-label-50"
        >
          <svg
            aria-hidden="true"
            className="MuiSvgIcon-root-54"
            focusable="false"
            role="presentation"
            viewBox="0 0 24 24"
          >
            <path
              d="M10 20v-6h4v6h5v-8h3L12 3 2 12h3v8z"
            />
            <path
              d="M0 0h24v24H0z"
              fill="none"
            />
          </svg>
        </span>
        <span
          className="MuiTouchRipple-root-127"
        />
      </a>
      <button
        className="MuiButtonBase-root-51 MuiButtonBase-disabled-52 MuiIconButton-root-45 MuiIconButton-disabled-49"
        disabled={true}
        onBlur={[Function]}
        onClick={[Function]}
        onFocus={[Function]}
        onKeyDown={[Function]}
        onKeyUp={[Function]}
        onMouseDown={[Function]}
        onMouseLeave={[Function]}
        onMouseUp={[Function]}
        onTouchEnd={[Function]}
        onTouchMove={[Function]}
        onTouchStart={[Function]}
        tabIndex="-1"
        type="button"
      >
        <span
          className="MuiIconButton-label-50"
        >
          <svg
            aria-hidden="true"
            className="MuiSvgIcon-root-54"
            focusable="false"
            role="presentation"
            viewBox="0 0 24 24"
          >
            <path
              d="M0 0h24v24H0z"
              fill="none"
            />
            <path
              d="M20 11H7.83l5.59-5.59L12 4l-8 8 8 8 1.41-1.41L7.83 13H20v-2z"
            />
          </svg>
        </span>
      </button>
      <button
        className="MuiButtonBase-root-51 MuiButtonBase-disabled-52 MuiIconButton-root-45 MuiIconButton-disabled-49"
        disabled={true}
        onBlur={[Function]}
        onClick={[Function]}
        onFocus={[Function]}
        onKeyDown={[Function]}
        onKeyUp={[Function]}
        onMouseDown={[Function]}
        onMouseLeave={[Function]}
        onMouseUp={[Function]}
        onTouchEnd={[Function]}
        onTouchMove={[Function]}
        onTouchStart={[Function]}
        tabIndex="-1"
        type="button"
      >
        <span
          className="MuiIconButton-label-50"
        >
          <svg
            aria-hidden="true"
            className="MuiSvgIcon-root-54"
            focusable="false"
            role="presentation"
            viewBox="0 0 24 24"
          >
            <path
              d="M0 0h24v24H0z"
              fill="none"
            />
            <path
              d="M12 4l-1.41 1.41L16.17 11H4v2h12.17l-5.58 5.59L12 20l8-8z"
            />
          </svg>
        </span>
      </button>
      <h2
        className="MuiTypography-root-63 MuiTypography-title-69 MuiTypography-colorInherit-92 AppPage-grow-1"
      >
        Erfaringslogg
      </h2>
      <a
        className="AppPage-safetecLink-3"
        href="https://www.safetec.no/"
      >
        <img
          alt="Levert av Safetec"
          height="44px"
          src="safetec.svg"
          width="153px"
        />
      </a>
    </div>
  </header>,
  <div
    className="AppPage-content-4"
  >
    <div
      className="NavMenu-content-98"
    >
      <a
        className="MuiButtonBase-root-51 MuiButton-root-101 MuiButton-outlined-109 MuiButton-sizeLarge-125 NavMenuItem-navigationButton-99"
        href="/exercise-report/"
        onBlur={[Function]}
        onClick={[Function]}
        onFocus={[Function]}
        onKeyDown={[Function]}
        onKeyUp={[Function]}
        onMouseDown={[Function]}
        onMouseLeave={[Function]}
        onMouseUp={[Function]}
        onTouchEnd={[Function]}
        onTouchMove={[Function]}
        onTouchStart={[Function]}
        role="button"
        tabIndex="0"
      >
        <span
          className="MuiButton-label-102"
        >
          <img
            alt="Øvingsrapporter"
            className="NavMenuItem-icon-100"
            src="exercise-reports.svg"
          />
          <div>
            Øvingsrapporter
          </div>
        </span>
        <span
          className="MuiTouchRipple-root-127"
        />
      </a>
      <a
        className="MuiButtonBase-root-51 MuiButton-root-101 MuiButton-outlined-109 MuiButton-sizeLarge-125 NavMenuItem-navigationButton-99"
        href="/performance-requirements/"
        onBlur={[Function]}
        onClick={[Function]}
        onFocus={[Function]}
        onKeyDown={[Function]}
        onKeyUp={[Function]}
        onMouseDown={[Function]}
        onMouseLeave={[Function]}
        onMouseUp={[Function]}
        onTouchEnd={[Function]}
        onTouchMove={[Function]}
        onTouchStart={[Function]}
        role="button"
        tabIndex="0"
      >
        <span
          className="MuiButton-label-102"
        >
          <img
            alt="Ytelseskrav"
            className="NavMenuItem-icon-100"
            src="performance-conditions.svg"
          />
          <div>
            Ytelseskrav
          </div>
        </span>
        <span
          className="MuiTouchRipple-root-127"
        />
      </a>
      <a
        className="MuiButtonBase-root-51 MuiButton-root-101 MuiButton-outlined-109 MuiButton-sizeLarge-125 NavMenuItem-navigationButton-99"
        href="/lessons-learned/"
        onBlur={[Function]}
        onClick={[Function]}
        onFocus={[Function]}
        onKeyDown={[Function]}
        onKeyUp={[Function]}
        onMouseDown={[Function]}
        onMouseLeave={[Function]}
        onMouseUp={[Function]}
        onTouchEnd={[Function]}
        onTouchMove={[Function]}
        onTouchStart={[Function]}
        role="button"
        tabIndex="0"
      >
        <span
          className="MuiButton-label-102"
        >
          <img
            alt="Lessons learned"
            className="NavMenuItem-icon-100"
            src="lessons-learned.svg"
          />
          <div>
            Lessons learned
          </div>
        </span>
        <span
          className="MuiTouchRipple-root-127"
        />
      </a>
      <a
        className="MuiButtonBase-root-51 MuiButton-root-101 MuiButton-outlined-109 MuiButton-sizeLarge-125 NavMenuItem-navigationButton-99"
        href="/report-generator/"
        onBlur={[Function]}
        onClick={[Function]}
        onFocus={[Function]}
        onKeyDown={[Function]}
        onKeyUp={[Function]}
        onMouseDown={[Function]}
        onMouseLeave={[Function]}
        onMouseUp={[Function]}
        onTouchEnd={[Function]}
        onTouchMove={[Function]}
        onTouchStart={[Function]}
        role="button"
        tabIndex="0"
      >
        <span
          className="MuiButton-label-102"
        >
          <img
            alt="Rapportgenerator"
            className="NavMenuItem-icon-100"
            src="report-generator.svg"
          />
          <div>
            Rapportgenerator
          </div>
        </span>
        <span
          className="MuiTouchRipple-root-127"
        />
      </a>
      <a
        className="MuiButtonBase-root-51 MuiButton-root-101 MuiButton-outlined-109 MuiButton-sizeLarge-125 NavMenuItem-navigationButton-99"
        href="/emergency-response-actions/"
        onBlur={[Function]}
        onClick={[Function]}
        onFocus={[Function]}
        onKeyDown={[Function]}
        onKeyUp={[Function]}
        onMouseDown={[Function]}
        onMouseLeave={[Function]}
        onMouseUp={[Function]}
        onTouchEnd={[Function]}
        onTouchMove={[Function]}
        onTouchStart={[Function]}
        role="button"
        tabIndex="0"
      >
        <span
          className="MuiButton-label-102"
        >
          <img
            alt="Beredskapsrelaterte aksjoner"
            className="NavMenuItem-icon-100"
            src="emergency-response-action.svg"
          />
          <div>
            Beredskapsrelaterte aksjoner
          </div>
        </span>
        <span
          className="MuiTouchRipple-root-127"
        />
      </a>
      <a
        className="MuiButtonBase-root-51 MuiButton-root-101 MuiButton-outlined-109 MuiButton-sizeLarge-125 NavMenuItem-navigationButton-99"
        href="/industry-information/"
        onBlur={[Function]}
        onClick={[Function]}
        onFocus={[Function]}
        onKeyDown={[Function]}
        onKeyUp={[Function]}
        onMouseDown={[Function]}
        onMouseLeave={[Function]}
        onMouseUp={[Function]}
        onTouchEnd={[Function]}
        onTouchMove={[Function]}
        onTouchStart={[Function]}
        role="button"
        tabIndex="0"
      >
        <span
          className="MuiButton-label-102"
        >
          <img
            alt="Bransjeinformasjon"
            className="NavMenuItem-icon-100"
            src="industry-information.svg"
          />
          <div>
            Bransjeinformasjon
          </div>
        </span>
        <span
          className="MuiTouchRipple-root-127"
        />
      </a>
    </div>
  </div>,
]
`;
